<html>
<body>
<pre>
<h1>µVision Build Log</h1>
<h2>Tool Versions:</h2>
IDE-Version: µVision V5.31.0.0
Copyright (C) 2020 ARM Ltd and ARM Germany GmbH. All rights reserved.
License Information: Mean HP, HP Inc., LIC=UJWP0-B5NE5-RAADM-XU4PA-MH3ET-M183T
 
Tool Versions:
Toolchain:       MDK-ARM Plus  Version: 5.31.0.0
Toolchain Path:  C:\Keil_v5\ARM\ARMCLANG\Bin
C Compiler:      ArmClang.exe V6.14
Assembler:       Armasm.exe V6.14
Linker/Locator:  ArmLink.exe V6.14
Library Manager: ArmAr.exe V6.14
Hex Converter:   FromElf.exe V6.14
CPU DLL:         SARMCM3.DLL V5.31.0.0
Dialog DLL:      DCM.DLL V1.17.3.0
Target DLL:      STLink\ST-LINKIII-KEIL_SWO.dll V3.0.7.0
Dialog DLL:      TCM.DLL V1.46.0.0
 
<h2>Project:</h2>
C:\Users\HP\OneDrive\Documents\GIT\Automotive\DIO_Excercise_Blink_Chasing_3Led\DIO.uvprojx
Project File Date:  05/30/2023

<h2>Output:</h2>
*** Using Compiler 'V6.14', folder: 'C:\Keil_v5\ARM\ARMCLANG\Bin'
Build target 'Target 1'
scr/main.c(2): warning: In file included from...
./inc\Dio.h(75): warning: no newline at end of file [-Wnewline-eof]
        
        ^
scr/main.c(3): warning: In file included from...
./inc\main.h(11): warning: this function declaration is not a prototype [-Wstrict-prototypes]
void CONFIG();
           ^
            void
./inc\main.h(13): warning: this function declaration is not a prototype [-Wstrict-prototypes]
void readbtn();
            ^
             void
./inc\main.h(16): warning: this function declaration is not a prototype [-Wstrict-prototypes]
void offled();
           ^
            void
./inc\main.h(17): warning: no newline at end of file [-Wnewline-eof]
#endif
      ^
scr/main.c(8): warning: no previous prototype for function 'CONFIG' [-Wmissing-prototypes]
void CONFIG()
     ^
./inc\main.h(11): note: this declaration is not a prototype; add 'void' to make it a prototype for a zero-parameter function
void CONFIG();
     ^
            void
scr/main.c(17): warning: no previous prototype for function 'delay_ms' [-Wmissing-prototypes]
void delay_ms(__IO uint32_t t)
     ^
scr/main.c(17): note: declare 'static' if the function is not intended to be used outside of this translation unit
void delay_ms(__IO uint32_t t)
^
static 
scr/main.c(43): warning: disabled expansion of recursive macro [-Wdisabled-macro-expansion]
                int temp=setjmp(buf);
                         ^
C:\Keil_v5\ARM\ARMCLANG\Bin\..\include\setjmp.h(76): note: expanded from macro 'setjmp'
#define setjmp(jmp_buf) (__CLIBNS setjmp(jmp_buf))
                                  ^
scr/main.c(43): warning: unused variable 'temp' [-Wunused-variable]
                int temp=setjmp(buf);
                    ^
scr/main.c(41): warning: no previous prototype for function 'readbtn' [-Wmissing-prototypes]
void readbtn()
     ^
./inc\main.h(13): note: this declaration is not a prototype; add 'void' to make it a prototype for a zero-parameter function
void readbtn();
     ^
             void
scr/main.c(64): warning: function 'blink' could be declared with attribute 'noreturn' [-Wmissing-noreturn]
void blink(__IO uint32_t delay, int time){
                                         ^
scr/main.c(81): warning: function 'chasing' could be declared with attribute 'noreturn' [-Wmissing-noreturn]
void chasing(__IO uint32_t delay, int time){
                                           ^
scr/main.c(99): warning: no previous prototype for function 'offled' [-Wmissing-prototypes]
void offled(){
     ^
./inc\main.h(16): note: this declaration is not a prototype; add 'void' to make it a prototype for a zero-parameter function
void offled();
     ^
            void
scr/main.c(99): warning: function 'offled' could be declared with attribute 'noreturn' [-Wmissing-noreturn]
void offled(){
             ^
scr/main.c(7): warning: no previous extern declaration for non-static variable 'buf' [-Wmissing-variable-declarations]
jmp_buf buf;
        ^
scr/main.c(7): note: declare 'static' if the variable is not intended to be used outside of this translation unit
jmp_buf buf;
^
scr/main.c(6): warning: unused variable 'bits' [-Wunused-variable]
static uint8_t bits=0;
               ^
16 warnings generated.
compiling main.c...
linking...
Program Size: Code=1584 RO-data=256 RW-data=0 ZI-data=1792  
".\Objects\DIO.axf" - 0 Error(s), 16 Warning(s).

<h2>Software Packages used:</h2>

Package Vendor: ARM
                http://www.keil.com/pack/ARM.CMSIS.5.7.0.pack
                ARM.CMSIS.5.7.0
                CMSIS (Cortex Microcontroller Software Interface Standard)
   * Component: CORE Version: 5.4.0

Package Vendor: Keil
                http://www.keil.com/pack/Keil.STM32F1xx_DFP.2.3.0.pack
                Keil.STM32F1xx_DFP.2.3.0
                STMicroelectronics STM32F1 Series Device Support, Drivers and Examples
   * Component: Startup Version: 1.0.0
   * Component: Framework Version: 3.5.1
   * Component: GPIO Version: 3.5.0
   * Component: RCC Version: 3.5.0

<h2>Collection of Component include folders:</h2>
  .\RTE\Device\STM32F103C8
  .\RTE\_Target_1
  C:\Users\HP\AppData\Local\Arm\Packs\ARM\CMSIS\5.7.0\CMSIS\Core\Include
  C:\Users\HP\AppData\Local\Arm\Packs\Keil\STM32F1xx_DFP\2.3.0\Device\Include
  C:\Users\HP\AppData\Local\Arm\Packs\Keil\STM32F1xx_DFP\2.3.0\Device\StdPeriph_Driver\inc

<h2>Collection of Component Files used:</h2>

   * Component: ARM::CMSIS:CORE:5.4.0

   * Component: Keil::Device:Startup:1.0.0
      Source file:   Device\Source\ARM\startup_stm32f10x_md.s
      Source file:   Device\Source\system_stm32f10x.c
      Include file:  RTE_Driver\Config\RTE_Device.h
      Source file:   Device\Source\ARM\STM32F1xx_OPT.s

   * Component: Keil::Device:StdPeriph Drivers:Framework:3.5.1
      Source file:   Device\StdPeriph_Driver\templates\stm32f10x_it.c
      Include file:  Device\StdPeriph_Driver\templates\stm32f10x_it.h
      Source file:   Device\StdPeriph_Driver\templates\stm32f10x_conf.h
      Include file:  Device\StdPeriph_Driver\inc\misc.h
      Source file:   Device\StdPeriph_Driver\src\misc.c

   * Component: Keil::Device:StdPeriph Drivers:GPIO:3.5.0
      Source file:   Device\StdPeriph_Driver\src\stm32f10x_gpio.c
      Include file:  Device\StdPeriph_Driver\inc\stm32f10x_gpio.h

   * Component: Keil::Device:StdPeriph Drivers:RCC:3.5.0
      Source file:   Device\StdPeriph_Driver\src\stm32f10x_rcc.c
      Include file:  Device\StdPeriph_Driver\inc\stm32f10x_rcc.h
Build Time Elapsed:  00:00:01
</pre>
</body>
</html>
